[
  {
    "countLabelText" : "0 taps so far"
  },
  {
    "countLabelText" : "5 taps so far"
  },
  {
    "countLabelText" : "199 taps so far"
  },
  {
    "countLabelText" : "38742 taps so far"
  }
]