[
  {
    "count" : 0
  },
  {
    "count" : 9
  },
  {
    "count" : 10
  },
  {
    "count" : 11
  },
  {
    "count" : 12
  },
  {
    "count" : 13
  },
  {
    "count" : 14
  },
  {
    "count" : 15
  }
]